<!DOCTYPE html>
<html lang="en">

<head>
    <meta charset="UTF-8">
    <meta name="viewport" content="width=device-width, initial-scale=1.0">
    <meta http-equiv="X-UA-Compatible" content="ie=edge">
    <link rel="stylesheet" href="css/style.css">
    <title>Golden</title>
</head>

<body>

    <!-- header -->
    <header class="header">
        <div class="container">
            <div class="header__inner">
                <div class="header__logo">
                    <a href="#">
                        <img src="img/header-logo.png" alt="">
                    </a>
                </div>
                <nav class="header__menu">
                    <a class="header__menu-link" href="#">Home</a>
                    <a class="header__menu-link" href="#">Services</a>
                    <a class="header__menu-link" href="#">Portfolio</a>
                    <a class="header__menu-link" href="#">About</a>
                    <a class="header__menu-link" href="#">Contact</a>
                </nav>
            </div>
            <!-- /.header__inner -->
        </div>
        <!-- /.container -->
    </header>
    <!-- /.header -->

    <!-- intro -->
    <div class="intro">
        <div class="container">
            <div class="intro__inner">
                <div class="intro__subtitle">Welcome To Our Studio!</div>
                <div class="intro__title">Itâ€™s nice to Meet you</div>
                <a href="#" class="intro__btn">Tell Me More</a>
            </div>
        </div>
        <!-- /.container -->
    </div>
    <!-- /.intro -->

    <!-- Services -->
    <div class="services">
        <div class="container">
            <div class="services__inner">
                <div class="services__title">Services</div>
                <div class="services__subtitle">Proin iaculis purus consequat sem cure. </div>
                <div class="services__column">
                    <div class="services__item">
                        <img class="services__item-logo" src="img/icon1.png" alt="">
                        <h3 class="services__item-title">E-Commerce</h3>
                        <p class="services__item-text">
                            Proin iaculis purus consequat sem cure
                            digni ssim. Donec porttitora entum suscipit
                            aenean rhoncus posuere odio in tincidunt.
                        </p>
                    </div>
                    <div class="services__item">
                        <img class="services__item-logo" src="img/icon2.png" alt="">
                        <h3 class="services__item-title">Responsive Web</h3>
                        <p class="services__item-text">
                            Proin iaculis purus consequat sem cure
                            digni ssim. Donec porttitora entum suscipit
                            aenean rhoncus posuere odio in tincidunt.
                        </p>
                    </div>
                    <div class="services__item">
                        <img class="services__item-logo" src="img/icon3.png" alt="">
                        <h3 class="services__item-title">Web Security</h3>
                        <p class="services__item-text">
                            Proin iaculis purus consequat sem cure
                            digni ssim. Donec porttitora entum suscipit
                            aenean rhoncus posuere odio in tincidunt.
                        </p>
                    </div>
                </div> <!-- /.services__column -->
            </div> <!-- /.services__inner -->
        </div> <!-- /.container -->
    </div> <!-- /.Services -->

    <!-- portfolio -->

    <div class="portfolio">
        <div class="container">
            <div class="portfolio__inner">
                <div class="portfolio__title">Our portfolio</div>
                <div class="portfolio__subtitle">Proin iaculis purus consequat sem cure. </div>
                <div class="portfolio__items">
                    <img src="img/img1.png" alt="" class="portfolio__items-image">
                    <img src="img/img2.png" alt="" class="portfolio__items-image">
                    <img src="img/img3.png" alt="" class="portfolio__items-image">
                </div>
            </div> <!-- /.portfolio__inner -->
        </div> <!-- /.container -->
    </div> <!-- /.portfolio -->

    <!-- About -->
    <div class="about">
        <div class="container">
            <div class="about__inner">
                <div class="about__title">About Us</div>
                <div class="about__subtitle">Proin iaculis purus consequat sem cure. </div>
                <div class="about__info">
                    <div class="about__item-left">
                        <div class="about__content">
                            <div class="about__content-date">July 2010</div>
                            <div class="about__content-title">Our Humble Beginnings</div>
                            <div class="about__content-text">
                                <p>
                                    Proin iaculis purus consequat sem cure
                                    digni ssim. Donec porttitora entum suscipit
                                    aenean rhoncus posuere odio in tincidunt. Proin
                                    iaculis purus consequat sem cure digni
                                    ssim. Donec porttitora entum suscipit.
                                </p>
                            </div>
                        </div>
                        <img class="about__logo" src="img/about1.png" alt="">
                    </div>
                    <div class="about__item-right">
                        <img class="about__logo" src="img/about2.png" alt="">
                        <div class="about__content">
                            <div class="about__content-date">January 2011</div>
                            <div class="about__content-title">Facing Startup Battles</div>
                            <div class="about__content-text">
                                <p>
                                    Proin iaculis purus consequat sem cure
                                    digni ssim. Donec porttitora entum suscipit
                                    aenean rhoncus posuere odio in tincidunt. Proin
                                    iaculis purus consequat sem cure digni
                                    ssim. Donec porttitora entum suscipit.
                                </p>
                            </div>
                        </div>
                    </div>
                    <div class="about__item-left">
                        <div class="about__content">
                            <div class="about__content-date">December 2012</div>
                            <div class="about__content-title">Enter The Dark Days</div>
                            <div class="about__content-text">
                                <p>
                                    Proin iaculis purus consequat sem cure
                                    digni ssim. Donec porttitora entum suscipit
                                    aenean rhoncus posuere odio in tincidunt. Proin
                                    iaculis purus consequat sem cure digni
                                    ssim. Donec porttitora entum suscipit.
                                </p>
                            </div>
                        </div>
                        <img class="about__logo" src="img/about3.png" alt="">
                    </div>
                    <div class="about__item-right">
                        <img class="about__logo" src="img/about4.png" alt="">
                        <div class="about__content">
                            <div class="about__content-date">february 2014</div>
                            <div class="about__content-title">Our Triumph</div>
                            <div class="about__content-text">
                                <p>
                                    Proin iaculis purus consequat sem cure
                                    digni ssim. Donec porttitora entum suscipit
                                    aenean rhoncus posuere odio in tincidunt. Proin
                                    iaculis purus consequat sem cure digni
                                    ssim. Donec porttitora entum suscipit.
                                </p>
                            </div>
                        </div>
                    </div>
                    <div class="copyright">
                        <p>
                            &copy; Copyright 2014 FreebiesXpress.com
                        </p>
                    </div>
                </div> <!-- /.about__info -->
            </div> <!-- /.about__inner -->
        </div> <!-- /.container -->
    </div> <!-- /.about -->

</body>

</html>